// Jest Snapshot v1, https://goo.gl/fbAQLP

exports[`My first snapshot test testing link button 1`] = `
<nav
  id="navbar"
>
  <a
    href="/navbar"
    onClick={[Function]}
  >
    <h6>
      Menu
    </h6>
  </a>
  <h6>
    James Oselandâ€™s 
    <span
      class="nav-world"
    >
      WORLD FOOD
    </span>
  </h6>
</nav>
`;
